A51 MACRO ASSEMBLER  400US____                                                            05/07/2020 20:48:56 PAGE     1


MACRO ASSEMBLER A51 V8.2.7.0
OBJECT MODULE PLACED IN .\Objects\400us方波.obj
ASSEMBLER INVOKED BY: D:\Keil_v5\C51\BIN\A51.EXE 400us方波.asm SET(SMALL) DEBUG PRINT(.\Listings\400us方波.lst) OBJECT(.
                      \Objects\400us方波.obj) EP

LOC  OBJ            LINE     SOURCE

                       1         ; 400us方波，12MHZ晶振，方式1
0000                   2         ORG     0000H
0000 020100            3         LJMP    START
000B                   4         ORG     000BH
000B 020113            5         LJMP    TIMER0
                       6     
0100                   7         ORG     0100H
0100                   8     START:
0100 758901            9         MOV     TMOD, #00000001B
0103 758CFF           10         MOV     TH0, #0FFH
0106 758A38           11         MOV     TL0, #38H
0109 75A882           12         MOV     IE, #10000010B
010C 75B802           13         MOV     IP, #00000010B
010F D28C             14         SETB    TR0
0111 80FE             15         SJMP    $
0113                  16     TIMER0:
0113 B290             17         CPL     P1.0
0115 758CFF           18         MOV     TH0, #0FFH
0118 758A38           19         MOV     TL0, #38H
011B 32               20         RETI
                      21         END
A51 MACRO ASSEMBLER  400US____                                                            05/07/2020 20:48:56 PAGE     2

SYMBOL TABLE LISTING
------ ----- -------


N A M E             T Y P E  V A L U E   ATTRIBUTES

IE . . . . . . . .  D ADDR   00A8H   A   
IP . . . . . . . .  D ADDR   00B8H   A   
P1 . . . . . . . .  D ADDR   0090H   A   
START. . . . . . .  C ADDR   0100H   A   
TH0. . . . . . . .  D ADDR   008CH   A   
TIMER0 . . . . . .  C ADDR   0113H   A   
TL0. . . . . . . .  D ADDR   008AH   A   
TMOD . . . . . . .  D ADDR   0089H   A   
TR0. . . . . . . .  B ADDR   0088H.4 A   


REGISTER BANK(S) USED: 0 


ASSEMBLY COMPLETE.  0 WARNING(S), 0 ERROR(S)
