BL51 BANKED LINKER/LOCATER V6.22.2.0                                                    04/18/2020  13:56:57  PAGE 1


BL51 BANKED LINKER/LOCATER V6.22.2.0, INVOKED BY:
D:\KEIL_V5\C51\BIN\BL51.EXE .\Objects\ÓÃ²»Í¬Êý¾ÝÀàÐÍ¿ØÖÆled.obj TO .\Objects\ÓÃ²»Í¬Êý¾ÝÀàÐÍ¿ØÖÆled PRINT (.\Listings\ÓÃ²
>> »Í¬Êý¾ÝÀàÐÍ¿ØÖÆled.m51)


MEMORY MODEL: SMALL


INPUT MODULES INCLUDED:
  .\Objects\ÓÃ²»Í¬Êý¾ÝÀàÐÍ¿ØÖÆled.obj (__________________LED)
  D:\KEIL_V5\C51\LIB\C51S.LIB (?C_STARTUP)
  D:\KEIL_V5\C51\LIB\C51S.LIB (?C?SLCMP)


LINK MAP OF MODULE:  .\Objects\ÓÃ²»Í¬Êý¾ÝÀàÐÍ¿ØÖÆled (__________________LED)


            TYPE    BASE      LENGTH    RELOCATION   SEGMENT NAME
            -----------------------------------------------------

            * * * * * * *   D A T A   M E M O R Y   * * * * * * *
            REG     0000H     0008H     ABSOLUTE     "REG BANK 0"
            IDATA   0008H     0001H     UNIT         ?STACK

            * * * * * * *   C O D E   M E M O R Y   * * * * * * *
            CODE    0000H     0003H     ABSOLUTE     
            CODE    0003H     001FH     UNIT         ?PR?DELAY60?__________________LED
            CODE    0022H     001AH     UNIT         ?PR?DELAY150?__________________LED
            CODE    003CH     001AH     UNIT         ?PR?MAIN?__________________LED
            CODE    0056H     0016H     UNIT         ?C?LIB_CODE
            CODE    006CH     000CH     UNIT         ?C_C51STARTUP



OVERLAY MAP OF MODULE:   .\Objects\ÓÃ²»Í¬Êý¾ÝÀàÐÍ¿ØÖÆled (__________________LED)


SEGMENT
  +--> CALLED SEGMENT
---------------------
?C_C51STARTUP
  +--> ?PR?MAIN?__________________LED

?PR?MAIN?__________________LED
  +--> ?PR?DELAY60?__________________LED
  +--> ?PR?DELAY150?__________________LED



SYMBOL TABLE OF MODULE:  .\Objects\ÓÃ²»Í¬Êý¾ÝÀàÐÍ¿ØÖÆled (__________________LED)

  VALUE           TYPE          NAME
  ----------------------------------

  -------         MODULE        __________________LED
  C:0000H         SYMBOL        _ICE_DUMMY_
  D:00A0H         PUBLIC        P2
  C:003CH         PUBLIC        main
BL51 BANKED LINKER/LOCATER V6.22.2.0                                                  04/18/2020  13:56:57  PAGE 2


  C:0022H         PUBLIC        delay150
  C:0003H         PUBLIC        delay60
  -------         PROC          DELAY60
  -------         DO            
  D:0007H         SYMBOL        i
  D:0006H         SYMBOL        j
  -------         ENDDO         
  C:0003H         LINE#         3
  C:0003H         LINE#         5
  C:000FH         LINE#         6
  C:001BH         LINE#         8
  C:001EH         LINE#         9
  C:0021H         LINE#         10
  -------         ENDPROC       DELAY60
  -------         PROC          DELAY150
  -------         DO            
  D:0082H         SYMBOL        i
  -------         ENDDO         
  C:0022H         LINE#         12
  C:0022H         LINE#         14
  C:0038H         LINE#         16
  C:003BH         LINE#         17
  -------         ENDPROC       DELAY150
  -------         PROC          MAIN
  C:003CH         LINE#         19
  C:003CH         LINE#         20
  C:003CH         LINE#         21
  C:003FH         LINE#         22
  C:0042H         LINE#         24
  C:0045H         LINE#         25
  C:0048H         LINE#         27
  C:004BH         LINE#         28
  C:004EH         LINE#         30
  C:0051H         LINE#         31
  C:0054H         LINE#         32
  -------         ENDPROC       MAIN
  -------         ENDMOD        __________________LED

  -------         MODULE        ?C?SLCMP
  C:0056H         PUBLIC        ?C?SLCMP
  -------         ENDMOD        ?C?SLCMP

Program Size: data=9.0 xdata=0 code=120
LINK/LOCATE RUN COMPLETE.  0 WARNING(S),  0 ERROR(S)
