A51 MACRO ASSEMBLER  ADD                                                                  03/31/2020 14:07:24 PAGE     1


MACRO ASSEMBLER A51 V8.2.7.0
OBJECT MODULE PLACED IN ..\output\add.obj
ASSEMBLER INVOKED BY: D:\Keil_v5\C51\BIN\A51.EXE add.asm SET(SMALL) DEBUG PRINT(.\Listings\add.lst) OBJECT(..\output\add
                      .obj) EP

LOC  OBJ            LINE     SOURCE

0000                   1     LOOP:
0000 753410            2         MOV     34H, #10H
0003 7813              3         MOV     R0, #13H
0005 E534              4         MOV     A, 34H
0007 28                5         ADD     A, R0
0008 7934              6         MOV     R1, #34H
000A 27                7         ADD     A, @R1
000B 0100              8         AJMP    LOOP
                       9     END
A51 MACRO ASSEMBLER  ADD                                                                  03/31/2020 14:07:24 PAGE     2

SYMBOL TABLE LISTING
------ ----- -------


N A M E             T Y P E  V A L U E   ATTRIBUTES

LOOP . . . . . . .  C ADDR   0000H   A   


REGISTER BANK(S) USED: 0 


ASSEMBLY COMPLETE.  0 WARNING(S), 0 ERROR(S)
